#-----------------------------------------------------------
# Webtalk v2020.2 (64-bit)
# SW Build 3064766 on Wed Nov 18 09:12:45 MST 2020
# IP Build 3064653 on Wed Nov 18 14:17:31 MST 2020
# Start of session at: Thu Mar 27 13:24:22 2025
# Process ID: 17116
# Current directory: C:/Users/user/Desktop/Vivado_test/vivado/PulseCounter/PulseCounter.sim/sim_1/behav/xsim
# Command line: wbtcv.exe -mode batch -source C:/Users/user/Desktop/Vivado_test/vivado/PulseCounter/PulseCounter.sim/sim_1/behav/xsim/xsim.dir/PulseCnt_tb_behav/webtalk/xsim_webtalk.tcl -notrace
# Log file: C:/Users/user/Desktop/Vivado_test/vivado/PulseCounter/PulseCounter.sim/sim_1/behav/xsim/webtalk.log
# Journal file: C:/Users/user/Desktop/Vivado_test/vivado/PulseCounter/PulseCounter.sim/sim_1/behav/xsim\webtalk.jou
#-----------------------------------------------------------
source C:/Users/user/Desktop/Vivado_test/vivado/PulseCounter/PulseCounter.sim/sim_1/behav/xsim/xsim.dir/PulseCnt_tb_behav/webtalk/xsim_webtalk.tcl -notrace
